src/app/(app)/products/page.tsx(135,14): error TS2304: Cannot find name 'Link'.
src/app/(app)/products/page.tsx(135,115): error TS2304: Cannot find name 'Link'.
src/components/checkout/CheckoutPage.tsx(417,53): error TS2304: Cannot find name 'Product'.
src/components/VideoSection/index.tsx(74,17): error TS2322: Type '(el: HTMLVideoElement | null) => HTMLVideoElement | null' is not assignable to type 'Ref<HTMLVideoElement> | undefined'.
  Type '(el: HTMLVideoElement | null) => HTMLVideoElement | null' is not assignable to type '(instance: HTMLVideoElement | null) => void | (() => VoidOrUndefinedOnly)'.
    Type 'HTMLVideoElement | null' is not assignable to type 'void | (() => VoidOrUndefinedOnly)'.
      Type 'null' is not assignable to type 'void | (() => VoidOrUndefinedOnly)'.
src/plugins/index.ts(126,26): error TS2339: Property 'fields' does not exist on type 'ArrayField | BlocksField | CheckboxField | CodeField | DateField | EmailField | NamedGroupField | ... 20 more ... | ({ ...; } & ... 3 more ... & Omit<...>)'.
  Property 'fields' does not exist on type 'BlocksField'.
src/seed-products.ts(634,18): error TS2352: Conversion of type 'number' to type 'string' may be a mistake because neither type sufficiently overlaps with the other. If this was intentional, convert the expression to 'unknown' first.
src/seed-products.ts(641,18): error TS2352: Conversion of type 'number' to type 'string' may be a mistake because neither type sufficiently overlaps with the other. If this was intentional, convert the expression to 'unknown' first.
